"some `code` here
 
 this tests the parsing of `@code` tags.
 `Here's a longer one`"
