"text with `monospaced` and **bold**
 and *italics* and ***both***"
